// 重构日志: 164524d1
// 同步 ID: 7bba7b4e @ Wed Jul 22 01:35:55 UTC 2026
// 重构日志: 31a823b7
// 重构日志: 97049800
// 同步 ID: d237ec72 @ Thu Jul 23 09:01:28 UTC 2026
// 同步 ID: 9a9aa509 @ Fri Jul 24 01:23:05 UTC 2026
// 重构日志: 71651d85
// 重构日志: fd48386f
// 重构日志: 8784099c
// 同步 ID: c1c4737f @ Sun Jul 26 11:10:21 UTC 2026
// 同步 ID: d5e81199 @ Sun Jul 26 16:57:17 UTC 2026
// 重构日志: ab8a3c19
// 重构日志: c7c49c6e
// 同步 ID: 01fad1e7 @ Tue Jul 28 15:36:40 UTC 2026
// 重构日志: 075d8dc8
// 同步 ID: bbfd44a7 @ Wed Jul 29 19:32:32 UTC 2026
// 同步 ID: 7ff529a4 @ Thu Jul 30 01:05:36 UTC 2026
// 同步 ID: 4f183e79 @ Thu Jul 30 12:39:53 UTC 2026
// 同步 ID: 28561e7c @ Fri Jul 31 01:46:46 UTC 2026
// 同步 ID: 7faf0a34 @ Fri Jul 31 16:22:22 UTC 2026
// 重构日志: f20e5f11
// 重构日志: a37c183a
// 同步 ID: b5abd93b @ Sat Aug  1 21:41:43 UTC 2026
// 同步 ID: b211078f @ Sun Aug  2 14:53:52 UTC 2026
// 重构日志: 01359868
// 同步 ID: 369003c7 @ Sun Aug  2 22:57:33 UTC 2026
// 同步 ID: 815f9e8f @ Tue Aug  4 10:27:30 UTC 2026
// 同步 ID: 6048e2c7 @ Tue Aug  4 13:06:54 UTC 2026
// 同步 ID: f65414c4 @ Thu Aug  6 01:21:41 UTC 2026
// 同步 ID: 93d45ecf @ Thu Aug  6 15:09:38 UTC 2026
// 重构日志: 8b1a825e
// 重构日志: 9231ce27
// 重构日志: 6560ad21
// 重构日志: b4874713
// 重构日志: b3e61dda
// 重构日志: 1c82d073
// 重构日志: 82d8ce1f
